2025-06-13 01:57:08 - INFO - Epoch 000/99 | Train Loss: 0.3061 | Train Acc: 0.4701 | Val Loss: 0.6376 | mcc: -0.0793 | Brier: 0.2229 | Bal Acc: 0.4598 | f1_macro: 0.4603 | f1_weighted: 0.6523 | LR: 1.33e-04 | Time: 9.3s
2025-06-13 01:57:08 - INFO - New Best Model saved with val_mcc=-0.0793
2025-06-13 01:57:11 - INFO - Epoch 001/99 | Train Loss: 0.2426 | Train Acc: 0.4733 | Val Loss: 0.6422 | mcc: 0.0500 | Brier: 0.2252 | Bal Acc: 0.5268 | f1_macro: 0.5235 | f1_weighted: 0.6828 | LR: 1.33e-04 | Time: 3.7s
2025-06-13 01:57:15 - INFO - Epoch 002/99 | Train Loss: 0.2135 | Train Acc: 0.5315 | Val Loss: 0.6536 | mcc: 0.0243 | Brier: 0.2307 | Bal Acc: 0.5134 | f1_macro: 0.5091 | f1_weighted: 0.6669 | LR: 1.34e-04 | Time: 3.7s
2025-06-13 01:57:19 - INFO - Epoch 003/99 | Train Loss: 0.2104 | Train Acc: 0.4927 | Val Loss: 0.5832 | mcc: 0.0531 | Brier: 0.1970 | Bal Acc: 0.5179 | f1_macro: 0.5085 | f1_weighted: 0.7212 | LR: 1.34e-04 | Time: 3.6s
2025-06-13 01:57:22 - INFO - Epoch 004/99 | Train Loss: 0.1986 | Train Acc: 0.5396 | Val Loss: 0.6802 | mcc: -0.0429 | Brier: 0.2439 | Bal Acc: 0.4732 | f1_macro: 0.4395 | f1_weighted: 0.5500 | LR: 1.34e-04 | Time: 3.7s
2025-06-13 01:57:26 - INFO - Epoch 005/99 | Train Loss: 0.1954 | Train Acc: 0.5234 | Val Loss: 0.6634 | mcc: -0.0073 | Brier: 0.2354 | Bal Acc: 0.4955 | f1_macro: 0.4728 | f1_weighted: 0.5993 | LR: 1.34e-04 | Time: 3.6s
2025-06-13 01:57:30 - INFO - Epoch 006/99 | Train Loss: 0.1888 | Train Acc: 0.5137 | Val Loss: 0.6437 | mcc: -0.0162 | Brier: 0.2258 | Bal Acc: 0.4911 | f1_macro: 0.4891 | f1_weighted: 0.6533 | LR: 1.35e-04 | Time: 3.7s
2025-06-13 01:57:34 - INFO - Epoch 007/99 | Train Loss: 0.1787 | Train Acc: 0.5073 | Val Loss: 0.6215 | mcc: 0.1634 | Brier: 0.2151 | Bal Acc: 0.5848 | f1_macro: 0.5813 | f1_weighted: 0.7266 | LR: 1.35e-04 | Time: 3.7s
2025-06-13 01:57:34 - INFO - New Best Model saved with val_mcc=0.1634
2025-06-13 01:57:37 - INFO - Epoch 008/99 | Train Loss: 0.1651 | Train Acc: 0.4976 | Val Loss: 0.6044 | mcc: 0.0900 | Brier: 0.2072 | Bal Acc: 0.5402 | f1_macro: 0.5424 | f1_weighted: 0.7208 | LR: 1.36e-04 | Time: 3.9s
2025-06-13 01:57:41 - INFO - Epoch 009/99 | Train Loss: 0.1713 | Train Acc: 0.4701 | Val Loss: 0.6112 | mcc: 0.1581 | Brier: 0.2112 | Bal Acc: 0.5893 | f1_macro: 0.5727 | f1_weighted: 0.7046 | LR: 1.36e-04 | Time: 3.9s
2025-06-13 01:57:45 - INFO - Epoch 010/99 | Train Loss: 0.1605 | Train Acc: 0.4895 | Val Loss: 0.6428 | mcc: 0.1198 | Brier: 0.2265 | Bal Acc: 0.5714 | f1_macro: 0.5432 | f1_weighted: 0.6665 | LR: 1.37e-04 | Time: 3.7s
2025-06-13 01:57:49 - INFO - Epoch 011/99 | Train Loss: 0.1602 | Train Acc: 0.5073 | Val Loss: 0.5889 | mcc: 0.1186 | Brier: 0.2018 | Bal Acc: 0.5670 | f1_macro: 0.5533 | f1_weighted: 0.6911 | LR: 1.38e-04 | Time: 3.7s
2025-06-13 01:57:52 - INFO - Epoch 012/99 | Train Loss: 0.1521 | Train Acc: 0.5299 | Val Loss: 0.6032 | mcc: 0.1620 | Brier: 0.2084 | Bal Acc: 0.5982 | f1_macro: 0.5570 | f1_weighted: 0.6690 | LR: 1.38e-04 | Time: 3.7s
2025-06-13 01:57:56 - INFO - Epoch 013/99 | Train Loss: 0.1483 | Train Acc: 0.5186 | Val Loss: 0.5574 | mcc: 0.1071 | Brier: 0.1877 | Bal Acc: 0.5536 | f1_macro: 0.5536 | f1_weighted: 0.7143 | LR: 1.39e-04 | Time: 3.8s
2025-06-13 01:58:00 - INFO - Epoch 014/99 | Train Loss: 0.1306 | Train Acc: 0.5574 | Val Loss: 0.5702 | mcc: 0.1053 | Brier: 0.1949 | Bal Acc: 0.5580 | f1_macro: 0.5492 | f1_weighted: 0.6941 | LR: 1.40e-04 | Time: 3.7s
2025-06-13 01:58:03 - INFO - Epoch 015/99 | Train Loss: 0.1352 | Train Acc: 0.5638 | Val Loss: 0.6170 | mcc: 0.1316 | Brier: 0.2150 | Bal Acc: 0.5759 | f1_macro: 0.5566 | f1_weighted: 0.6877 | LR: 1.41e-04 | Time: 3.7s
2025-06-13 01:58:07 - INFO - Epoch 016/99 | Train Loss: 0.1141 | Train Acc: 0.5590 | Val Loss: 0.6004 | mcc: 0.1650 | Brier: 0.2058 | Bal Acc: 0.5893 | f1_macro: 0.5801 | f1_weighted: 0.7187 | LR: 1.42e-04 | Time: 3.7s
2025-06-13 01:58:07 - INFO - New Best Model saved with val_mcc=0.1650
2025-06-13 01:58:11 - INFO - Epoch 017/99 | Train Loss: 0.1215 | Train Acc: 0.6268 | Val Loss: 0.6619 | mcc: 0.0449 | Brier: 0.2338 | Bal Acc: 0.5268 | f1_macro: 0.5074 | f1_weighted: 0.6404 | LR: 1.43e-04 | Time: 3.7s
2025-06-13 01:58:15 - INFO - Epoch 018/99 | Train Loss: 0.1175 | Train Acc: 0.6123 | Val Loss: 0.5948 | mcc: 0.0529 | Brier: 0.2030 | Bal Acc: 0.5268 | f1_macro: 0.5264 | f1_weighted: 0.6949 | LR: 1.44e-04 | Time: 3.7s
2025-06-13 01:58:18 - INFO - Epoch 019/99 | Train Loss: 0.1173 | Train Acc: 0.6494 | Val Loss: 0.6346 | mcc: 0.0648 | Brier: 0.2168 | Bal Acc: 0.5357 | f1_macro: 0.5292 | f1_weighted: 0.6805 | LR: 1.45e-04 | Time: 3.7s
2025-06-13 01:58:22 - INFO - Epoch 020/99 | Train Loss: 0.0890 | Train Acc: 0.6995 | Val Loss: 0.7260 | mcc: -0.0074 | Brier: 0.2555 | Bal Acc: 0.4955 | f1_macro: 0.4798 | f1_weighted: 0.6158 | LR: 1.46e-04 | Time: 3.6s
2025-06-13 01:58:26 - INFO - Epoch 021/99 | Train Loss: 0.0896 | Train Acc: 0.7124 | Val Loss: 0.7170 | mcc: 0.0500 | Brier: 0.2332 | Bal Acc: 0.5268 | f1_macro: 0.5235 | f1_weighted: 0.6828 | LR: 1.48e-04 | Time: 3.9s
2025-06-13 01:58:30 - INFO - Epoch 022/99 | Train Loss: 0.0891 | Train Acc: 0.7464 | Val Loss: 0.6978 | mcc: 0.0412 | Brier: 0.2302 | Bal Acc: 0.5223 | f1_macro: 0.5187 | f1_weighted: 0.6775 | LR: 1.49e-04 | Time: 3.9s
2025-06-13 01:58:33 - INFO - Epoch 023/99 | Train Loss: 0.0893 | Train Acc: 0.7060 | Val Loss: 0.7231 | mcc: -0.0086 | Brier: 0.2338 | Bal Acc: 0.4955 | f1_macro: 0.4954 | f1_weighted: 0.6705 | LR: 1.51e-04 | Time: 3.8s
2025-06-13 01:58:37 - INFO - Epoch 024/99 | Train Loss: 0.0730 | Train Acc: 0.7900 | Val Loss: 0.8306 | mcc: 0.0449 | Brier: 0.2713 | Bal Acc: 0.5268 | f1_macro: 0.5074 | f1_weighted: 0.6404 | LR: 1.52e-04 | Time: 3.7s
2025-06-13 01:58:41 - INFO - Epoch 025/99 | Train Loss: 0.0804 | Train Acc: 0.7577 | Val Loss: 0.7172 | mcc: 0.0088 | Brier: 0.2264 | Bal Acc: 0.5045 | f1_macro: 0.5044 | f1_weighted: 0.6807 | LR: 1.53e-04 | Time: 3.7s
2025-06-13 01:58:45 - INFO - Epoch 026/99 | Train Loss: 0.0774 | Train Acc: 0.8255 | Val Loss: 0.7779 | mcc: 0.1316 | Brier: 0.2419 | Bal Acc: 0.5759 | f1_macro: 0.5566 | f1_weighted: 0.6877 | LR: 1.55e-04 | Time: 3.7s
2025-06-13 01:58:48 - INFO - Epoch 027/99 | Train Loss: 0.0760 | Train Acc: 0.7916 | Val Loss: 0.7950 | mcc: 0.0983 | Brier: 0.2579 | Bal Acc: 0.5580 | f1_macro: 0.5356 | f1_weighted: 0.6650 | LR: 1.57e-04 | Time: 3.8s
2025-06-13 01:58:52 - INFO - Epoch 028/99 | Train Loss: 0.0652 | Train Acc: 0.8239 | Val Loss: 0.7489 | mcc: 0.0964 | Brier: 0.2330 | Bal Acc: 0.5536 | f1_macro: 0.5440 | f1_weighted: 0.6886 | LR: 1.58e-04 | Time: 3.7s
2025-06-13 01:58:56 - INFO - Epoch 029/99 | Train Loss: 0.0562 | Train Acc: 0.8223 | Val Loss: 0.7772 | mcc: 0.1144 | Brier: 0.2338 | Bal Acc: 0.5625 | f1_macro: 0.5544 | f1_weighted: 0.6995 | LR: 1.60e-04 | Time: 3.7s
2025-06-13 01:58:59 - INFO - Epoch 030/99 | Train Loss: 0.0620 | Train Acc: 0.8271 | Val Loss: 0.7507 | mcc: 0.1204 | Brier: 0.2176 | Bal Acc: 0.5625 | f1_macro: 0.5598 | f1_weighted: 0.7126 | LR: 1.62e-04 | Time: 3.6s
2025-06-13 01:59:03 - INFO - Epoch 031/99 | Train Loss: 0.0670 | Train Acc: 0.8142 | Val Loss: 0.7734 | mcc: 0.1010 | Brier: 0.2245 | Bal Acc: 0.5536 | f1_macro: 0.5494 | f1_weighted: 0.7019 | LR: 1.64e-04 | Time: 3.7s
2025-06-13 01:59:07 - INFO - Epoch 032/99 | Train Loss: 0.0553 | Train Acc: 0.8433 | Val Loss: 0.8433 | mcc: 0.0168 | Brier: 0.2506 | Bal Acc: 0.5089 | f1_macro: 0.5074 | f1_weighted: 0.6742 | LR: 1.66e-04 | Time: 3.7s
2025-06-13 01:59:10 - INFO - Epoch 033/99 | Train Loss: 0.0363 | Train Acc: 0.8821 | Val Loss: 0.7884 | mcc: 0.0400 | Brier: 0.2147 | Bal Acc: 0.5179 | f1_macro: 0.5176 | f1_weighted: 0.7058 | LR: 1.68e-04 | Time: 3.6s
2025-06-13 01:59:14 - INFO - Epoch 034/99 | Train Loss: 0.0537 | Train Acc: 0.8805 | Val Loss: 0.8600 | mcc: 0.1237 | Brier: 0.2383 | Bal Acc: 0.5670 | f1_macro: 0.5597 | f1_weighted: 0.7050 | LR: 1.70e-04 | Time: 3.9s
2025-06-13 01:59:18 - INFO - Epoch 035/99 | Train Loss: 0.0403 | Train Acc: 0.8756 | Val Loss: 0.8729 | mcc: 0.0344 | Brier: 0.2460 | Bal Acc: 0.5179 | f1_macro: 0.5168 | f1_weighted: 0.6846 | LR: 1.72e-04 | Time: 3.7s
2025-06-13 01:59:22 - INFO - Epoch 036/99 | Train Loss: 0.0420 | Train Acc: 0.9015 | Val Loss: 0.9431 | mcc: 0.1275 | Brier: 0.2709 | Bal Acc: 0.5714 | f1_macro: 0.5585 | f1_weighted: 0.6967 | LR: 1.74e-04 | Time: 3.7s
2025-06-13 01:59:25 - INFO - Epoch 037/99 | Train Loss: 0.0436 | Train Acc: 0.8837 | Val Loss: 0.8765 | mcc: 0.0529 | Brier: 0.2313 | Bal Acc: 0.5268 | f1_macro: 0.5264 | f1_weighted: 0.6949 | LR: 1.76e-04 | Time: 3.8s
2025-06-13 01:59:29 - INFO - Epoch 038/99 | Train Loss: 0.0375 | Train Acc: 0.8982 | Val Loss: 0.8994 | mcc: 0.0000 | Brier: 0.2563 | Bal Acc: 0.5000 | f1_macro: 0.4998 | f1_weighted: 0.6756 | LR: 1.79e-04 | Time: 3.6s
2025-06-13 01:59:33 - INFO - Epoch 039/99 | Train Loss: 0.0242 | Train Acc: 0.9225 | Val Loss: 0.8778 | mcc: -0.0510 | Brier: 0.2229 | Bal Acc: 0.4777 | f1_macro: 0.4720 | f1_weighted: 0.6802 | LR: 1.81e-04 | Time: 3.7s
2025-06-13 01:59:36 - INFO - Epoch 040/99 | Train Loss: 0.0279 | Train Acc: 0.9321 | Val Loss: 0.9619 | mcc: 0.0104 | Brier: 0.2362 | Bal Acc: 0.5045 | f1_macro: 0.5014 | f1_weighted: 0.7001 | LR: 1.83e-04 | Time: 3.6s
2025-06-13 01:59:40 - INFO - Epoch 041/99 | Train Loss: 0.0339 | Train Acc: 0.9321 | Val Loss: 0.9846 | mcc: 0.0529 | Brier: 0.2519 | Bal Acc: 0.5268 | f1_macro: 0.5264 | f1_weighted: 0.6949 | LR: 1.86e-04 | Time: 3.7s
2025-06-13 01:59:44 - INFO - Epoch 042/99 | Train Loss: 0.0362 | Train Acc: 0.9386 | Val Loss: 0.9637 | mcc: -0.0750 | Brier: 0.2625 | Bal Acc: 0.4598 | f1_macro: 0.4614 | f1_weighted: 0.6414 | LR: 1.88e-04 | Time: 3.7s
2025-06-13 01:59:48 - INFO - Epoch 043/99 | Train Loss: 0.0266 | Train Acc: 0.9192 | Val Loss: 0.9726 | mcc: 0.0569 | Brier: 0.2338 | Bal Acc: 0.5268 | f1_macro: 0.5277 | f1_weighted: 0.7058 | LR: 1.91e-04 | Time: 3.8s
2025-06-13 01:59:51 - INFO - Epoch 044/99 | Train Loss: 0.0398 | Train Acc: 0.9418 | Val Loss: 0.9816 | mcc: 0.0095 | Brier: 0.2402 | Bal Acc: 0.5045 | f1_macro: 0.5040 | f1_weighted: 0.6911 | LR: 1.94e-04 | Time: 3.7s
2025-06-13 01:59:55 - INFO - Epoch 045/99 | Train Loss: 0.0148 | Train Acc: 0.9532 | Val Loss: 0.9534 | mcc: 0.0785 | Brier: 0.2251 | Bal Acc: 0.5357 | f1_macro: 0.5374 | f1_weighted: 0.7158 | LR: 1.96e-04 | Time: 3.8s
2025-06-13 01:59:59 - INFO - Epoch 046/99 | Train Loss: 0.0186 | Train Acc: 0.9483 | Val Loss: 1.0090 | mcc: 0.1177 | Brier: 0.2348 | Bal Acc: 0.5580 | f1_macro: 0.5588 | f1_weighted: 0.7195 | LR: 1.99e-04 | Time: 3.7s
2025-06-13 02:00:02 - INFO - Epoch 047/99 | Train Loss: 0.0198 | Train Acc: 0.9499 | Val Loss: 1.0559 | mcc: 0.0000 | Brier: 0.2511 | Bal Acc: 0.5000 | f1_macro: 0.4996 | f1_weighted: 0.6862 | LR: 2.02e-04 | Time: 3.7s
2025-06-13 02:00:06 - INFO - Epoch 048/99 | Train Loss: 0.0114 | Train Acc: 0.9564 | Val Loss: 1.1695 | mcc: 0.0000 | Brier: 0.2607 | Bal Acc: 0.5000 | f1_macro: 0.4971 | f1_weighted: 0.6954 | LR: 2.05e-04 | Time: 3.9s
2025-06-13 02:00:10 - INFO - Epoch 049/99 | Train Loss: 0.0270 | Train Acc: 0.9515 | Val Loss: 1.1123 | mcc: 0.0747 | Brier: 0.2385 | Bal Acc: 0.5312 | f1_macro: 0.5318 | f1_weighted: 0.7204 | LR: 2.08e-04 | Time: 3.8s
2025-06-13 02:00:14 - INFO - Epoch 050/99 | Train Loss: 0.0275 | Train Acc: 0.9435 | Val Loss: 1.0756 | mcc: -0.0100 | Brier: 0.2449 | Bal Acc: 0.4955 | f1_macro: 0.4929 | f1_weighted: 0.6907 | LR: 2.11e-04 | Time: 3.6s
2025-06-13 02:00:17 - INFO - Epoch 051/99 | Train Loss: 0.0140 | Train Acc: 0.9645 | Val Loss: 1.1013 | mcc: -0.0353 | Brier: 0.2585 | Bal Acc: 0.4821 | f1_macro: 0.4823 | f1_weighted: 0.6665 | LR: 2.14e-04 | Time: 3.8s
2025-06-13 02:00:21 - INFO - Epoch 052/99 | Train Loss: 0.0062 | Train Acc: 0.9822 | Val Loss: 1.1223 | mcc: 0.0000 | Brier: 0.2527 | Bal Acc: 0.5000 | f1_macro: 0.4998 | f1_weighted: 0.6756 | LR: 2.17e-04 | Time: 3.7s
2025-06-13 02:00:25 - INFO - Epoch 053/99 | Train Loss: 0.0097 | Train Acc: 0.9758 | Val Loss: 1.3069 | mcc: -0.0600 | Brier: 0.2651 | Bal Acc: 0.4732 | f1_macro: 0.4682 | f1_weighted: 0.6756 | LR: 2.20e-04 | Time: 3.6s
2025-06-13 02:00:29 - INFO - Epoch 054/99 | Train Loss: 0.0137 | Train Acc: 0.9693 | Val Loss: 1.2862 | mcc: -0.0687 | Brier: 0.2767 | Bal Acc: 0.4688 | f1_macro: 0.4643 | f1_weighted: 0.6710 | LR: 2.23e-04 | Time: 3.7s
2025-06-13 02:00:32 - INFO - Epoch 055/99 | Train Loss: 0.0166 | Train Acc: 0.9742 | Val Loss: 1.1587 | mcc: -0.0417 | Brier: 0.2456 | Bal Acc: 0.4821 | f1_macro: 0.4758 | f1_weighted: 0.6848 | LR: 2.26e-04 | Time: 3.7s
2025-06-13 02:00:36 - INFO - Epoch 056/99 | Train Loss: 0.0160 | Train Acc: 0.9677 | Val Loss: 1.0462 | mcc: 0.0213 | Brier: 0.2224 | Bal Acc: 0.5089 | f1_macro: 0.5058 | f1_weighted: 0.7049 | LR: 2.30e-04 | Time: 3.7s
2025-06-13 02:00:40 - INFO - Epoch 057/99 | Train Loss: 0.0265 | Train Acc: 0.9677 | Val Loss: 1.2152 | mcc: -0.0289 | Brier: 0.2554 | Bal Acc: 0.4866 | f1_macro: 0.4845 | f1_weighted: 0.6812 | LR: 2.33e-04 | Time: 3.7s
2025-06-13 02:00:43 - INFO - Epoch 058/99 | Train Loss: 0.0225 | Train Acc: 0.9661 | Val Loss: 1.4102 | mcc: 0.1065 | Brier: 0.3190 | Bal Acc: 0.5625 | f1_macro: 0.5408 | f1_weighted: 0.6707 | LR: 2.36e-04 | Time: 3.7s
2025-06-13 02:00:47 - INFO - Epoch 059/99 | Train Loss: 0.0211 | Train Acc: 0.9612 | Val Loss: 1.3286 | mcc: 0.0562 | Brier: 0.3031 | Bal Acc: 0.5312 | f1_macro: 0.5242 | f1_weighted: 0.6751 | LR: 2.40e-04 | Time: 3.7s
2025-06-13 02:00:51 - INFO - Epoch 060/99 | Train Loss: 0.0155 | Train Acc: 0.9661 | Val Loss: 1.2433 | mcc: 0.0367 | Brier: 0.2603 | Bal Acc: 0.5179 | f1_macro: 0.5182 | f1_weighted: 0.6958 | LR: 2.43e-04 | Time: 3.7s
2025-06-13 02:00:54 - INFO - Epoch 061/99 | Train Loss: 0.0269 | Train Acc: 0.9499 | Val Loss: 1.2669 | mcc: 0.0000 | Brier: 0.2449 | Bal Acc: 0.5000 | f1_macro: 0.4971 | f1_weighted: 0.6954 | LR: 2.47e-04 | Time: 3.8s
2025-06-13 02:00:58 - INFO - Epoch 062/99 | Train Loss: 0.0214 | Train Acc: 0.9645 | Val Loss: 1.2228 | mcc: -0.0369 | Brier: 0.2273 | Bal Acc: 0.4866 | f1_macro: 0.4714 | f1_weighted: 0.6957 | LR: 2.51e-04 | Time: 3.7s
2025-06-13 02:01:02 - INFO - Epoch 063/99 | Train Loss: 0.0206 | Train Acc: 0.9742 | Val Loss: 1.3712 | mcc: 0.0462 | Brier: 0.3164 | Bal Acc: 0.5268 | f1_macro: 0.5139 | f1_weighted: 0.6556 | LR: 2.54e-04 | Time: 3.8s
2025-06-13 02:01:06 - INFO - Epoch 064/99 | Train Loss: 0.0120 | Train Acc: 0.9742 | Val Loss: 1.2554 | mcc: -0.0674 | Brier: 0.2535 | Bal Acc: 0.4732 | f1_macro: 0.4607 | f1_weighted: 0.6826 | LR: 2.58e-04 | Time: 3.8s
2025-06-13 02:01:09 - INFO - Epoch 065/99 | Train Loss: 0.0108 | Train Acc: 0.9822 | Val Loss: 1.2271 | mcc: -0.0771 | Brier: 0.2649 | Bal Acc: 0.4643 | f1_macro: 0.4606 | f1_weighted: 0.6663 | LR: 2.62e-04 | Time: 3.6s
2025-06-13 02:01:13 - INFO - Epoch 066/99 | Train Loss: 0.0179 | Train Acc: 0.9677 | Val Loss: 1.0380 | mcc: 0.0747 | Brier: 0.2174 | Bal Acc: 0.5312 | f1_macro: 0.5318 | f1_weighted: 0.7204 | LR: 2.66e-04 | Time: 3.7s
2025-06-13 02:01:17 - INFO - Epoch 067/99 | Train Loss: 0.0211 | Train Acc: 0.9709 | Val Loss: 1.0923 | mcc: -0.0112 | Brier: 0.2256 | Bal Acc: 0.4955 | f1_macro: 0.4877 | f1_weighted: 0.6985 | LR: 2.70e-04 | Time: 3.7s
2025-06-13 02:01:21 - INFO - Epoch 068/99 | Train Loss: 0.0122 | Train Acc: 0.9774 | Val Loss: 1.2412 | mcc: -0.0714 | Brier: 0.2838 | Bal Acc: 0.4643 | f1_macro: 0.4643 | f1_weighted: 0.6571 | LR: 2.74e-04 | Time: 3.6s
2025-06-13 02:01:24 - INFO - Epoch 069/99 | Train Loss: 0.0179 | Train Acc: 0.9774 | Val Loss: 1.1716 | mcc: 0.0104 | Brier: 0.2426 | Bal Acc: 0.5045 | f1_macro: 0.5014 | f1_weighted: 0.7001 | LR: 2.78e-04 | Time: 3.7s
2025-06-13 02:01:28 - INFO - Epoch 070/99 | Train Loss: 0.0125 | Train Acc: 0.9758 | Val Loss: 1.3312 | mcc: -0.0634 | Brier: 0.2878 | Bal Acc: 0.4688 | f1_macro: 0.4683 | f1_weighted: 0.6620 | LR: 2.82e-04 | Time: 3.6s
2025-06-13 02:01:32 - INFO - Epoch 071/99 | Train Loss: 0.0062 | Train Acc: 0.9774 | Val Loss: 1.2490 | mcc: 0.0000 | Brier: 0.2572 | Bal Acc: 0.5000 | f1_macro: 0.4971 | f1_weighted: 0.6954 | LR: 2.86e-04 | Time: 3.7s
2025-06-13 02:01:35 - INFO - Epoch 072/99 | Train Loss: 0.0172 | Train Acc: 0.9742 | Val Loss: 1.3247 | mcc: -0.0600 | Brier: 0.2698 | Bal Acc: 0.4732 | f1_macro: 0.4682 | f1_weighted: 0.6756 | LR: 2.90e-04 | Time: 3.7s
2025-06-13 02:01:39 - INFO - Epoch 073/99 | Train Loss: 0.0220 | Train Acc: 0.9806 | Val Loss: 1.3890 | mcc: 0.0088 | Brier: 0.2968 | Bal Acc: 0.5045 | f1_macro: 0.5044 | f1_weighted: 0.6807 | LR: 2.94e-04 | Time: 3.6s
2025-06-13 02:01:43 - INFO - Epoch 074/99 | Train Loss: 0.0182 | Train Acc: 0.9645 | Val Loss: 1.1066 | mcc: 0.1010 | Brier: 0.2120 | Bal Acc: 0.5402 | f1_macro: 0.5416 | f1_weighted: 0.7302 | LR: 2.99e-04 | Time: 3.8s
2025-06-13 02:01:46 - INFO - Epoch 075/99 | Train Loss: 0.0083 | Train Acc: 0.9887 | Val Loss: 1.1189 | mcc: 0.1042 | Brier: 0.2405 | Bal Acc: 0.5491 | f1_macro: 0.5513 | f1_weighted: 0.7205 | LR: 3.03e-04 | Time: 3.7s
2025-06-13 02:01:50 - INFO - Epoch 076/99 | Train Loss: 0.0086 | Train Acc: 0.9790 | Val Loss: 1.3227 | mcc: -0.0379 | Brier: 0.2709 | Bal Acc: 0.4821 | f1_macro: 0.4804 | f1_weighted: 0.6764 | LR: 3.08e-04 | Time: 3.7s
2025-06-13 02:01:54 - INFO - Epoch 077/99 | Train Loss: 0.0052 | Train Acc: 0.9822 | Val Loss: 1.1538 | mcc: 0.0626 | Brier: 0.2226 | Bal Acc: 0.5268 | f1_macro: 0.5270 | f1_weighted: 0.7155 | LR: 3.12e-04 | Time: 3.7s
2025-06-13 02:01:58 - INFO - Epoch 078/99 | Train Loss: 0.0164 | Train Acc: 0.9774 | Val Loss: 1.3240 | mcc: 0.1157 | Brier: 0.2441 | Bal Acc: 0.5536 | f1_macro: 0.5565 | f1_weighted: 0.7256 | LR: 3.17e-04 | Time: 3.8s
2025-06-13 02:02:02 - INFO - Epoch 079/99 | Train Loss: 0.0176 | Train Acc: 0.9725 | Val Loss: 1.3228 | mcc: 0.0747 | Brier: 0.2408 | Bal Acc: 0.5312 | f1_macro: 0.5318 | f1_weighted: 0.7204 | LR: 3.21e-04 | Time: 3.9s
2025-06-13 02:02:05 - INFO - Epoch 080/99 | Train Loss: 0.0273 | Train Acc: 0.9742 | Val Loss: 1.2967 | mcc: 0.0625 | Brier: 0.2617 | Bal Acc: 0.5312 | f1_macro: 0.5312 | f1_weighted: 0.7000 | LR: 3.26e-04 | Time: 3.7s
2025-06-13 02:02:09 - INFO - Epoch 081/99 | Train Loss: 0.0229 | Train Acc: 0.9693 | Val Loss: 1.4047 | mcc: -0.0333 | Brier: 0.3195 | Bal Acc: 0.4821 | f1_macro: 0.4821 | f1_weighted: 0.6552 | LR: 3.30e-04 | Time: 3.7s
2025-06-13 02:02:13 - INFO - Epoch 082/99 | Train Loss: 0.0167 | Train Acc: 0.9661 | Val Loss: 1.2808 | mcc: -0.0714 | Brier: 0.2884 | Bal Acc: 0.4643 | f1_macro: 0.4643 | f1_weighted: 0.6571 | LR: 3.35e-04 | Time: 3.8s
2025-06-13 02:02:16 - INFO - Epoch 083/99 | Train Loss: 0.0179 | Train Acc: 0.9774 | Val Loss: 1.5108 | mcc: -0.0836 | Brier: 0.3527 | Bal Acc: 0.4509 | f1_macro: 0.4490 | f1_weighted: 0.6048 | LR: 3.40e-04 | Time: 3.6s
2025-06-13 02:02:20 - INFO - Epoch 084/99 | Train Loss: 0.0364 | Train Acc: 0.9548 | Val Loss: 1.2232 | mcc: -0.0100 | Brier: 0.2616 | Bal Acc: 0.4955 | f1_macro: 0.4929 | f1_weighted: 0.6907 | LR: 3.45e-04 | Time: 3.6s
2025-06-13 02:02:24 - INFO - Epoch 085/99 | Train Loss: 0.0224 | Train Acc: 0.9580 | Val Loss: 1.0837 | mcc: 0.0367 | Brier: 0.2452 | Bal Acc: 0.5179 | f1_macro: 0.5182 | f1_weighted: 0.6958 | LR: 3.50e-04 | Time: 3.6s
2025-06-13 02:02:27 - INFO - Epoch 086/99 | Train Loss: 0.0150 | Train Acc: 0.9612 | Val Loss: 1.1797 | mcc: 0.0000 | Brier: 0.2398 | Bal Acc: 0.5000 | f1_macro: 0.4971 | f1_weighted: 0.6954 | LR: 3.55e-04 | Time: 3.7s
2025-06-13 02:02:31 - INFO - Epoch 087/99 | Train Loss: 0.0167 | Train Acc: 0.9758 | Val Loss: 1.3610 | mcc: -0.0551 | Brier: 0.2806 | Bal Acc: 0.4732 | f1_macro: 0.4723 | f1_weighted: 0.6668 | LR: 3.60e-04 | Time: 3.9s
2025-06-13 02:02:35 - INFO - Epoch 088/99 | Train Loss: 0.0148 | Train Acc: 0.9838 | Val Loss: 1.3859 | mcc: -0.0219 | Brier: 0.2643 | Bal Acc: 0.4911 | f1_macro: 0.4837 | f1_weighted: 0.6939 | LR: 3.65e-04 | Time: 3.6s
2025-06-13 02:02:39 - INFO - Epoch 089/99 | Train Loss: 0.0165 | Train Acc: 0.9725 | Val Loss: 1.2052 | mcc: 0.0246 | Brier: 0.2331 | Bal Acc: 0.5089 | f1_macro: 0.4999 | f1_weighted: 0.7121 | LR: 3.70e-04 | Time: 3.8s
2025-06-13 02:02:42 - INFO - Epoch 090/99 | Train Loss: 0.0039 | Train Acc: 0.9855 | Val Loss: 1.4006 | mcc: 0.0367 | Brier: 0.2736 | Bal Acc: 0.5179 | f1_macro: 0.5182 | f1_weighted: 0.6958 | LR: 3.75e-04 | Time: 3.7s
2025-06-13 02:02:46 - INFO - Epoch 091/99 | Train Loss: 0.0342 | Train Acc: 0.9693 | Val Loss: 1.1755 | mcc: -0.0320 | Brier: 0.2496 | Bal Acc: 0.4866 | f1_macro: 0.4797 | f1_weighted: 0.6893 | LR: 3.80e-04 | Time: 3.8s
2025-06-13 02:02:50 - INFO - Epoch 092/99 | Train Loss: 0.0165 | Train Acc: 0.9871 | Val Loss: 1.3808 | mcc: 0.0000 | Brier: 0.3005 | Bal Acc: 0.5000 | f1_macro: 0.4982 | f1_weighted: 0.6638 | LR: 3.85e-04 | Time: 3.7s
2025-06-13 02:02:54 - INFO - Epoch 093/99 | Train Loss: 0.0108 | Train Acc: 0.9742 | Val Loss: 1.0860 | mcc: -0.0219 | Brier: 0.2355 | Bal Acc: 0.4911 | f1_macro: 0.4837 | f1_weighted: 0.6939 | LR: 3.91e-04 | Time: 3.7s
2025-06-13 02:02:57 - INFO - Epoch 094/99 | Train Loss: 0.0131 | Train Acc: 0.9822 | Val Loss: 1.1740 | mcc: 0.0569 | Brier: 0.2484 | Bal Acc: 0.5268 | f1_macro: 0.5277 | f1_weighted: 0.7058 | LR: 3.96e-04 | Time: 3.7s
2025-06-13 02:03:01 - INFO - Epoch 095/99 | Train Loss: 0.0121 | Train Acc: 0.9838 | Val Loss: 1.2143 | mcc: 0.0774 | Brier: 0.2671 | Bal Acc: 0.5402 | f1_macro: 0.5383 | f1_weighted: 0.6986 | LR: 4.01e-04 | Time: 3.7s
2025-06-13 02:03:05 - INFO - Epoch 096/99 | Train Loss: 0.0202 | Train Acc: 0.9774 | Val Loss: 1.1994 | mcc: -0.0417 | Brier: 0.2566 | Bal Acc: 0.4821 | f1_macro: 0.4758 | f1_weighted: 0.6848 | LR: 4.07e-04 | Time: 3.7s
2025-06-13 02:03:09 - INFO - Epoch 097/99 | Train Loss: 0.0206 | Train Acc: 0.9822 | Val Loss: 1.1058 | mcc: -0.0320 | Brier: 0.2523 | Bal Acc: 0.4866 | f1_macro: 0.4797 | f1_weighted: 0.6893 | LR: 4.12e-04 | Time: 3.9s
2025-06-13 02:03:12 - INFO - Epoch 098/99 | Train Loss: 0.0058 | Train Acc: 0.9838 | Val Loss: 1.2037 | mcc: -0.0196 | Brier: 0.2594 | Bal Acc: 0.4911 | f1_macro: 0.4887 | f1_weighted: 0.6859 | LR: 4.18e-04 | Time: 3.7s
2025-06-13 02:03:16 - INFO - Epoch 099/99 | Train Loss: 0.0049 | Train Acc: 0.9887 | Val Loss: 1.1802 | mcc: 0.0400 | Brier: 0.2437 | Bal Acc: 0.5179 | f1_macro: 0.5176 | f1_weighted: 0.7058 | LR: 4.23e-04 | Time: 3.7s
2025-06-13 02:03:16 - INFO - 📥 Loaded best model from epoch 16 with metric 0.1650
2025-06-13 02:03:20 - INFO - Best threshold on val: 0.51 (bal_acc=0.607)
2025-06-13 02:03:23 - INFO - === FINAL TEST RESULTS - thr: 0.51 ===
2025-06-13 02:03:23 - INFO - accuracy            : 0.6788
2025-06-13 02:03:23 - INFO - balanced_accuracy   : 0.5345
2025-06-13 02:03:23 - INFO - roc_auc             : 0.5865
2025-06-13 02:03:23 - INFO - precision           : 0.8173
2025-06-13 02:03:23 - INFO - recall              : 0.7727
2025-06-13 02:03:23 - INFO - mcc                 : 0.0642
2025-06-13 02:03:23 - INFO - kappa               : 0.0637
2025-06-13 02:03:23 - INFO - brier               : 0.1879
2025-06-13 02:03:23 - INFO - f1                  : 0.7944
2025-06-13 02:03:23 - INFO - f1_macro            : 0.5305
2025-06-13 02:03:23 - INFO - f1_weighted         : 0.6904
2025-06-13 02:03:23 - INFO - 'conf_matrix': [[ 8 19]
 [25 85]]
2025-06-19 19:26:06 - INFO - Epoch 000/99 | Train Loss: 0.2873 | Train Acc: 0.4911 | Val Loss: 0.6240 | mcc: 0.0714 | Brier: 0.2156 | Bal Acc: 0.5268 | f1_macro: 0.5238 | f1_weighted: 0.7238 | LR: 1.20e-04 | Time: 5.8s
2025-06-19 19:26:06 - INFO - New Best Model saved with val_mcc=0.0714
2025-06-19 19:26:09 - INFO - Epoch 001/99 | Train Loss: 0.2199 | Train Acc: 0.4943 | Val Loss: 0.6236 | mcc: 0.1387 | Brier: 0.2154 | Bal Acc: 0.5446 | f1_macro: 0.5433 | f1_weighted: 0.7429 | LR: 1.20e-04 | Time: 2.7s
2025-06-19 19:26:09 - INFO - New Best Model saved with val_mcc=0.1387
2025-06-19 19:26:12 - INFO - Epoch 002/99 | Train Loss: 0.2138 | Train Acc: 0.5040 | Val Loss: 0.6640 | mcc: 0.1673 | Brier: 0.2354 | Bal Acc: 0.5938 | f1_macro: 0.5782 | f1_weighted: 0.7101 | LR: 1.20e-04 | Time: 2.6s
2025-06-19 19:26:12 - INFO - New Best Model saved with val_mcc=0.1673
2025-06-19 19:26:14 - INFO - Epoch 003/99 | Train Loss: 0.1904 | Train Acc: 0.4911 | Val Loss: 0.6454 | mcc: 0.1280 | Brier: 0.2263 | Bal Acc: 0.5536 | f1_macro: 0.5578 | f1_weighted: 0.7359 | LR: 1.20e-04 | Time: 2.6s
2025-06-19 19:26:17 - INFO - Epoch 004/99 | Train Loss: 0.1865 | Train Acc: 0.5202 | Val Loss: 0.6551 | mcc: 0.0569 | Brier: 0.2310 | Bal Acc: 0.5268 | f1_macro: 0.5277 | f1_weighted: 0.7058 | LR: 1.21e-04 | Time: 2.6s
2025-06-19 19:26:20 - INFO - Epoch 005/99 | Train Loss: 0.1761 | Train Acc: 0.4653 | Val Loss: 0.6372 | mcc: 0.1659 | Brier: 0.2222 | Bal Acc: 0.5580 | f1_macro: 0.5625 | f1_weighted: 0.7500 | LR: 1.21e-04 | Time: 2.6s
2025-06-19 19:26:22 - INFO - Epoch 006/99 | Train Loss: 0.1796 | Train Acc: 0.5024 | Val Loss: 0.6697 | mcc: 0.0745 | Brier: 0.2384 | Bal Acc: 0.5446 | f1_macro: 0.5202 | f1_weighted: 0.6477 | LR: 1.21e-04 | Time: 2.7s
2025-06-19 19:26:25 - INFO - Epoch 007/99 | Train Loss: 0.1765 | Train Acc: 0.4960 | Val Loss: 0.6605 | mcc: 0.0706 | Brier: 0.2338 | Bal Acc: 0.5402 | f1_macro: 0.5288 | f1_weighted: 0.6722 | LR: 1.21e-04 | Time: 2.6s
2025-06-19 19:26:27 - INFO - Epoch 008/99 | Train Loss: 0.1750 | Train Acc: 0.4717 | Val Loss: 0.6688 | mcc: 0.0961 | Brier: 0.2379 | Bal Acc: 0.5580 | f1_macro: 0.5275 | f1_weighted: 0.6490 | LR: 1.22e-04 | Time: 2.7s
2025-06-19 19:26:30 - INFO - Epoch 009/99 | Train Loss: 0.1693 | Train Acc: 0.4895 | Val Loss: 0.6218 | mcc: 0.1990 | Brier: 0.2151 | Bal Acc: 0.5938 | f1_macro: 0.5985 | f1_weighted: 0.7499 | LR: 1.22e-04 | Time: 2.7s
2025-06-19 19:26:30 - INFO - New Best Model saved with val_mcc=0.1990
2025-06-19 19:26:33 - INFO - Epoch 010/99 | Train Loss: 0.1620 | Train Acc: 0.5040 | Val Loss: 0.6926 | mcc: 0.0651 | Brier: 0.2498 | Bal Acc: 0.5402 | f1_macro: 0.4517 | f1_weighted: 0.5245 | LR: 1.23e-04 | Time: 2.6s
2025-06-19 19:26:35 - INFO - Epoch 011/99 | Train Loss: 0.1602 | Train Acc: 0.4572 | Val Loss: 0.6029 | mcc: 0.1144 | Brier: 0.2074 | Bal Acc: 0.5625 | f1_macro: 0.5544 | f1_weighted: 0.6995 | LR: 1.23e-04 | Time: 2.6s
2025-06-19 19:26:38 - INFO - Epoch 012/99 | Train Loss: 0.1491 | Train Acc: 0.4895 | Val Loss: 0.6191 | mcc: 0.1013 | Brier: 0.2155 | Bal Acc: 0.5580 | f1_macro: 0.5429 | f1_weighted: 0.6800 | LR: 1.24e-04 | Time: 2.7s
2025-06-19 19:26:41 - INFO - Epoch 013/99 | Train Loss: 0.1421 | Train Acc: 0.5089 | Val Loss: 0.5919 | mcc: 0.0964 | Brier: 0.2050 | Bal Acc: 0.5536 | f1_macro: 0.5440 | f1_weighted: 0.6886 | LR: 1.24e-04 | Time: 2.6s
2025-06-19 19:26:43 - INFO - Epoch 014/99 | Train Loss: 0.1381 | Train Acc: 0.5363 | Val Loss: 0.6296 | mcc: 0.0656 | Brier: 0.2225 | Bal Acc: 0.5402 | f1_macro: 0.5068 | f1_weighted: 0.6252 | LR: 1.25e-04 | Time: 2.6s
2025-06-19 19:26:46 - INFO - Epoch 015/99 | Train Loss: 0.1203 | Train Acc: 0.5460 | Val Loss: 0.5784 | mcc: 0.1430 | Brier: 0.1973 | Bal Acc: 0.5759 | f1_macro: 0.5703 | f1_weighted: 0.7158 | LR: 1.25e-04 | Time: 2.6s
2025-06-19 19:26:49 - INFO - Epoch 016/99 | Train Loss: 0.1088 | Train Acc: 0.6252 | Val Loss: 0.6147 | mcc: 0.0227 | Brier: 0.2181 | Bal Acc: 0.5134 | f1_macro: 0.4992 | f1_weighted: 0.6387 | LR: 1.26e-04 | Time: 2.6s
2025-06-19 19:26:51 - INFO - Epoch 017/99 | Train Loss: 0.1118 | Train Acc: 0.6139 | Val Loss: 0.5961 | mcc: 0.1237 | Brier: 0.2018 | Bal Acc: 0.5670 | f1_macro: 0.5597 | f1_weighted: 0.7050 | LR: 1.27e-04 | Time: 2.6s
2025-06-19 19:26:54 - INFO - Epoch 018/99 | Train Loss: 0.1017 | Train Acc: 0.6753 | Val Loss: 0.6360 | mcc: 0.0983 | Brier: 0.2251 | Bal Acc: 0.5580 | f1_macro: 0.5356 | f1_weighted: 0.6650 | LR: 1.28e-04 | Time: 2.6s
2025-06-19 19:26:56 - INFO - Epoch 019/99 | Train Loss: 0.1009 | Train Acc: 0.6721 | Val Loss: 0.6258 | mcc: 0.1541 | Brier: 0.2211 | Bal Acc: 0.5938 | f1_macro: 0.5516 | f1_weighted: 0.6631 | LR: 1.28e-04 | Time: 2.7s
2025-06-19 19:26:59 - INFO - Epoch 020/99 | Train Loss: 0.0944 | Train Acc: 0.7060 | Val Loss: 0.6241 | mcc: 0.1825 | Brier: 0.2199 | Bal Acc: 0.6071 | f1_macro: 0.5775 | f1_weighted: 0.6970 | LR: 1.29e-04 | Time: 2.6s
2025-06-19 19:27:02 - INFO - Epoch 021/99 | Train Loss: 0.0703 | Train Acc: 0.7674 | Val Loss: 0.6284 | mcc: 0.1333 | Brier: 0.2100 | Bal Acc: 0.5714 | f1_macro: 0.5650 | f1_weighted: 0.7104 | LR: 1.30e-04 | Time: 2.7s
2025-06-19 19:27:04 - INFO - Epoch 022/99 | Train Loss: 0.0579 | Train Acc: 0.7754 | Val Loss: 0.6158 | mcc: 0.0969 | Brier: 0.1999 | Bal Acc: 0.5491 | f1_macro: 0.5484 | f1_weighted: 0.7091 | LR: 1.31e-04 | Time: 2.6s
2025-06-19 19:27:07 - INFO - Epoch 023/99 | Train Loss: 0.0573 | Train Acc: 0.8320 | Val Loss: 0.6923 | mcc: 0.2276 | Brier: 0.2272 | Bal Acc: 0.6295 | f1_macro: 0.6057 | f1_weighted: 0.7257 | LR: 1.32e-04 | Time: 2.6s
2025-06-19 19:27:07 - INFO - New Best Model saved with val_mcc=0.2276
2025-06-19 19:27:10 - INFO - Epoch 024/99 | Train Loss: 0.0499 | Train Acc: 0.8433 | Val Loss: 0.6157 | mcc: 0.2041 | Brier: 0.1819 | Bal Acc: 0.5893 | f1_macro: 0.5977 | f1_weighted: 0.7563 | LR: 1.33e-04 | Time: 2.6s
2025-06-19 19:27:12 - INFO - Epoch 025/99 | Train Loss: 0.0445 | Train Acc: 0.8675 | Val Loss: 0.8399 | mcc: 0.1231 | Brier: 0.2629 | Bal Acc: 0.5714 | f1_macro: 0.5513 | f1_weighted: 0.6821 | LR: 1.34e-04 | Time: 2.6s
2025-06-19 19:27:15 - INFO - Epoch 026/99 | Train Loss: 0.0465 | Train Acc: 0.8853 | Val Loss: 0.6426 | mcc: 0.2411 | Brier: 0.1817 | Bal Acc: 0.6205 | f1_macro: 0.6205 | f1_weighted: 0.7571 | LR: 1.35e-04 | Time: 2.6s
2025-06-19 19:27:15 - INFO - New Best Model saved with val_mcc=0.2411
2025-06-19 19:27:18 - INFO - Epoch 027/99 | Train Loss: 0.0332 | Train Acc: 0.9192 | Val Loss: 0.7216 | mcc: 0.2464 | Brier: 0.1939 | Bal Acc: 0.6161 | f1_macro: 0.6221 | f1_weighted: 0.7646 | LR: 1.36e-04 | Time: 2.6s
2025-06-19 19:27:18 - INFO - New Best Model saved with val_mcc=0.2464
2025-06-19 19:27:20 - INFO - Epoch 028/99 | Train Loss: 0.0314 | Train Acc: 0.8821 | Val Loss: 0.6636 | mcc: 0.2602 | Brier: 0.1710 | Bal Acc: 0.6205 | f1_macro: 0.6284 | f1_weighted: 0.7701 | LR: 1.37e-04 | Time: 2.6s
2025-06-19 19:27:20 - INFO - New Best Model saved with val_mcc=0.2602
2025-06-19 19:27:23 - INFO - Epoch 029/99 | Train Loss: 0.0269 | Train Acc: 0.9370 | Val Loss: 0.9087 | mcc: 0.1099 | Brier: 0.2573 | Bal Acc: 0.5625 | f1_macro: 0.5480 | f1_weighted: 0.6856 | LR: 1.39e-04 | Time: 2.6s
2025-06-19 19:27:26 - INFO - Epoch 030/99 | Train Loss: 0.0164 | Train Acc: 0.9321 | Val Loss: 0.8559 | mcc: 0.1518 | Brier: 0.2208 | Bal Acc: 0.5759 | f1_macro: 0.5759 | f1_weighted: 0.7286 | LR: 1.40e-04 | Time: 2.7s
2025-06-19 19:27:28 - INFO - Epoch 031/99 | Train Loss: 0.0246 | Train Acc: 0.9370 | Val Loss: 0.8652 | mcc: 0.1157 | Brier: 0.2133 | Bal Acc: 0.5536 | f1_macro: 0.5565 | f1_weighted: 0.7256 | LR: 1.41e-04 | Time: 2.6s
2025-06-19 19:27:31 - INFO - Epoch 032/99 | Train Loss: 0.0172 | Train Acc: 0.9370 | Val Loss: 0.9043 | mcc: 0.1865 | Brier: 0.2103 | Bal Acc: 0.5893 | f1_macro: 0.5927 | f1_weighted: 0.7446 | LR: 1.43e-04 | Time: 2.7s
2025-06-19 19:27:33 - INFO - Epoch 033/99 | Train Loss: 0.0155 | Train Acc: 0.9612 | Val Loss: 1.0642 | mcc: 0.0680 | Brier: 0.2672 | Bal Acc: 0.5357 | f1_macro: 0.5333 | f1_weighted: 0.6933 | LR: 1.44e-04 | Time: 2.6s
2025-06-19 19:27:36 - INFO - Epoch 034/99 | Train Loss: 0.0176 | Train Acc: 0.9564 | Val Loss: 0.8921 | mcc: 0.2120 | Brier: 0.1990 | Bal Acc: 0.5982 | f1_macro: 0.6044 | f1_weighted: 0.7553 | LR: 1.45e-04 | Time: 2.6s
2025-06-19 19:27:39 - INFO - Epoch 035/99 | Train Loss: 0.0187 | Train Acc: 0.9483 | Val Loss: 0.9879 | mcc: 0.1155 | Brier: 0.2021 | Bal Acc: 0.5446 | f1_macro: 0.5467 | f1_weighted: 0.7351 | LR: 1.47e-04 | Time: 2.6s
2025-06-19 19:27:41 - INFO - Epoch 036/99 | Train Loss: 0.0168 | Train Acc: 0.9709 | Val Loss: 0.9949 | mcc: 0.1851 | Brier: 0.2192 | Bal Acc: 0.5938 | f1_macro: 0.5925 | f1_weighted: 0.7374 | LR: 1.48e-04 | Time: 2.6s
2025-06-19 19:27:44 - INFO - Epoch 037/99 | Train Loss: 0.0164 | Train Acc: 0.9693 | Val Loss: 0.9258 | mcc: 0.1421 | Brier: 0.2052 | Bal Acc: 0.5580 | f1_macro: 0.5631 | f1_weighted: 0.7410 | LR: 1.50e-04 | Time: 2.7s
2025-06-19 19:27:47 - INFO - Epoch 038/99 | Train Loss: 0.0175 | Train Acc: 0.9483 | Val Loss: 0.9603 | mcc: 0.2400 | Brier: 0.2000 | Bal Acc: 0.6071 | f1_macro: 0.6166 | f1_weighted: 0.7661 | LR: 1.52e-04 | Time: 2.7s
2025-06-19 19:27:49 - INFO - Epoch 039/99 | Train Loss: 0.0120 | Train Acc: 0.9709 | Val Loss: 1.0484 | mcc: 0.1516 | Brier: 0.2186 | Bal Acc: 0.5714 | f1_macro: 0.5749 | f1_weighted: 0.7352 | LR: 1.53e-04 | Time: 2.6s
2025-06-19 19:27:52 - INFO - Epoch 040/99 | Train Loss: 0.0098 | Train Acc: 0.9758 | Val Loss: 1.0573 | mcc: 0.1147 | Brier: 0.2151 | Bal Acc: 0.5491 | f1_macro: 0.5526 | f1_weighted: 0.7309 | LR: 1.55e-04 | Time: 2.6s
2025-06-19 19:27:55 - INFO - Epoch 041/99 | Train Loss: 0.0237 | Train Acc: 0.9677 | Val Loss: 1.0890 | mcc: 0.2331 | Brier: 0.2202 | Bal Acc: 0.6116 | f1_macro: 0.6160 | f1_weighted: 0.7592 | LR: 1.57e-04 | Time: 2.7s
2025-06-19 19:27:57 - INFO - Epoch 042/99 | Train Loss: 0.0094 | Train Acc: 0.9677 | Val Loss: 1.1188 | mcc: 0.1157 | Brier: 0.2284 | Bal Acc: 0.5536 | f1_macro: 0.5565 | f1_weighted: 0.7256 | LR: 1.58e-04 | Time: 2.6s
2025-06-19 19:28:00 - INFO - Epoch 043/99 | Train Loss: 0.0118 | Train Acc: 0.9790 | Val Loss: 1.0830 | mcc: 0.1968 | Brier: 0.2079 | Bal Acc: 0.5804 | f1_macro: 0.5896 | f1_weighted: 0.7567 | LR: 1.60e-04 | Time: 2.7s
2025-06-19 19:28:02 - INFO - Epoch 044/99 | Train Loss: 0.0141 | Train Acc: 0.9661 | Val Loss: 1.0819 | mcc: 0.2296 | Brier: 0.1870 | Bal Acc: 0.5804 | f1_macro: 0.5917 | f1_weighted: 0.7667 | LR: 1.62e-04 | Time: 2.6s
2025-06-19 19:28:05 - INFO - Epoch 045/99 | Train Loss: 0.0238 | Train Acc: 0.9661 | Val Loss: 1.0759 | mcc: 0.2041 | Brier: 0.2133 | Bal Acc: 0.5893 | f1_macro: 0.5977 | f1_weighted: 0.7563 | LR: 1.64e-04 | Time: 2.7s
2025-06-19 19:28:08 - INFO - Epoch 046/99 | Train Loss: 0.0108 | Train Acc: 0.9709 | Val Loss: 0.9883 | mcc: 0.2711 | Brier: 0.1871 | Bal Acc: 0.6161 | f1_macro: 0.6293 | f1_weighted: 0.7770 | LR: 1.66e-04 | Time: 2.6s
2025-06-19 19:28:08 - INFO - New Best Model saved with val_mcc=0.2711
2025-06-19 19:28:10 - INFO - Epoch 047/99 | Train Loss: 0.0199 | Train Acc: 0.9742 | Val Loss: 1.0526 | mcc: 0.1157 | Brier: 0.2171 | Bal Acc: 0.5536 | f1_macro: 0.5565 | f1_weighted: 0.7256 | LR: 1.68e-04 | Time: 2.6s
2025-06-19 19:28:13 - INFO - Epoch 048/99 | Train Loss: 0.0141 | Train Acc: 0.9774 | Val Loss: 1.0971 | mcc: 0.1766 | Brier: 0.2242 | Bal Acc: 0.5804 | f1_macro: 0.5861 | f1_weighted: 0.7457 | LR: 1.70e-04 | Time: 2.6s
2025-06-19 19:28:16 - INFO - Epoch 049/99 | Train Loss: 0.0140 | Train Acc: 0.9790 | Val Loss: 0.9703 | mcc: 0.2120 | Brier: 0.1954 | Bal Acc: 0.5982 | f1_macro: 0.6044 | f1_weighted: 0.7553 | LR: 1.72e-04 | Time: 2.7s
2025-06-19 19:28:18 - INFO - Epoch 050/99 | Train Loss: 0.0101 | Train Acc: 0.9806 | Val Loss: 1.1187 | mcc: 0.1518 | Brier: 0.2351 | Bal Acc: 0.5759 | f1_macro: 0.5759 | f1_weighted: 0.7286 | LR: 1.74e-04 | Time: 2.6s
2025-06-19 19:28:21 - INFO - Epoch 051/99 | Train Loss: 0.0151 | Train Acc: 0.9790 | Val Loss: 1.0945 | mcc: 0.1531 | Brier: 0.2403 | Bal Acc: 0.5804 | f1_macro: 0.5758 | f1_weighted: 0.7212 | LR: 1.76e-04 | Time: 2.6s
2025-06-19 19:28:24 - INFO - Epoch 052/99 | Train Loss: 0.0098 | Train Acc: 0.9838 | Val Loss: 1.0687 | mcc: 0.2041 | Brier: 0.2070 | Bal Acc: 0.5893 | f1_macro: 0.5977 | f1_weighted: 0.7563 | LR: 1.78e-04 | Time: 2.6s
2025-06-19 19:28:26 - INFO - Epoch 053/99 | Train Loss: 0.0028 | Train Acc: 0.9887 | Val Loss: 1.1314 | mcc: 0.2041 | Brier: 0.2195 | Bal Acc: 0.5893 | f1_macro: 0.5977 | f1_weighted: 0.7563 | LR: 1.80e-04 | Time: 2.6s
2025-06-19 19:28:29 - INFO - Epoch 054/99 | Train Loss: 0.0091 | Train Acc: 0.9790 | Val Loss: 1.1666 | mcc: 0.1745 | Brier: 0.2284 | Bal Acc: 0.5848 | f1_macro: 0.5870 | f1_weighted: 0.7392 | LR: 1.83e-04 | Time: 2.7s
2025-06-19 19:28:31 - INFO - Epoch 055/99 | Train Loss: 0.0130 | Train Acc: 0.9774 | Val Loss: 1.0416 | mcc: 0.2881 | Brier: 0.2011 | Bal Acc: 0.6205 | f1_macro: 0.6358 | f1_weighted: 0.7825 | LR: 1.85e-04 | Time: 2.6s
2025-06-19 19:28:31 - INFO - New Best Model saved with val_mcc=0.2881
2025-06-19 19:28:34 - INFO - Epoch 056/99 | Train Loss: 0.0091 | Train Acc: 0.9822 | Val Loss: 1.1683 | mcc: 0.1516 | Brier: 0.2247 | Bal Acc: 0.5714 | f1_macro: 0.5749 | f1_weighted: 0.7352 | LR: 1.87e-04 | Time: 2.6s
2025-06-19 19:28:37 - INFO - Epoch 057/99 | Train Loss: 0.0240 | Train Acc: 0.9677 | Val Loss: 1.0515 | mcc: 0.2515 | Brier: 0.1882 | Bal Acc: 0.6027 | f1_macro: 0.6161 | f1_weighted: 0.7724 | LR: 1.90e-04 | Time: 2.7s
2025-06-19 19:28:39 - INFO - Epoch 058/99 | Train Loss: 0.0196 | Train Acc: 0.9774 | Val Loss: 1.1381 | mcc: 0.1572 | Brier: 0.1977 | Bal Acc: 0.5625 | f1_macro: 0.5686 | f1_weighted: 0.7461 | LR: 1.92e-04 | Time: 2.6s
2025-06-19 19:28:42 - INFO - Epoch 059/99 | Train Loss: 0.0136 | Train Acc: 0.9742 | Val Loss: 1.1387 | mcc: 0.1668 | Brier: 0.2068 | Bal Acc: 0.5714 | f1_macro: 0.5781 | f1_weighted: 0.7463 | LR: 1.94e-04 | Time: 2.7s
2025-06-19 19:28:45 - INFO - Epoch 060/99 | Train Loss: 0.0162 | Train Acc: 0.9822 | Val Loss: 1.1254 | mcc: 0.2464 | Brier: 0.2145 | Bal Acc: 0.6161 | f1_macro: 0.6221 | f1_weighted: 0.7646 | LR: 1.97e-04 | Time: 2.7s
2025-06-19 19:28:47 - INFO - Epoch 061/99 | Train Loss: 0.0037 | Train Acc: 0.9887 | Val Loss: 1.1763 | mcc: 0.1421 | Brier: 0.2141 | Bal Acc: 0.5580 | f1_macro: 0.5631 | f1_weighted: 0.7410 | LR: 1.99e-04 | Time: 2.6s
2025-06-19 19:28:50 - INFO - Epoch 062/99 | Train Loss: 0.0044 | Train Acc: 0.9855 | Val Loss: 1.1194 | mcc: 0.2694 | Brier: 0.1882 | Bal Acc: 0.6071 | f1_macro: 0.6225 | f1_weighted: 0.7778 | LR: 2.02e-04 | Time: 2.6s
2025-06-19 19:28:53 - INFO - Epoch 063/99 | Train Loss: 0.0050 | Train Acc: 0.9774 | Val Loss: 1.3153 | mcc: 0.1531 | Brier: 0.2303 | Bal Acc: 0.5670 | f1_macro: 0.5726 | f1_weighted: 0.7411 | LR: 2.05e-04 | Time: 2.6s
2025-06-19 19:28:55 - INFO - Epoch 064/99 | Train Loss: 0.0047 | Train Acc: 0.9887 | Val Loss: 1.5030 | mcc: 0.1518 | Brier: 0.2567 | Bal Acc: 0.5759 | f1_macro: 0.5759 | f1_weighted: 0.7286 | LR: 2.07e-04 | Time: 2.6s
2025-06-19 19:28:58 - INFO - Epoch 065/99 | Train Loss: 0.0146 | Train Acc: 0.9774 | Val Loss: 1.4199 | mcc: 0.1071 | Brier: 0.2614 | Bal Acc: 0.5536 | f1_macro: 0.5536 | f1_weighted: 0.7143 | LR: 2.10e-04 | Time: 2.6s
2025-06-19 19:29:01 - INFO - Epoch 066/99 | Train Loss: 0.0088 | Train Acc: 0.9871 | Val Loss: 1.2283 | mcc: 0.2309 | Brier: 0.1971 | Bal Acc: 0.5893 | f1_macro: 0.6016 | f1_weighted: 0.7672 | LR: 2.13e-04 | Time: 2.7s
2025-06-19 19:29:03 - INFO - Epoch 067/99 | Train Loss: 0.0160 | Train Acc: 0.9693 | Val Loss: 1.3944 | mcc: 0.0774 | Brier: 0.2755 | Bal Acc: 0.5402 | f1_macro: 0.5383 | f1_weighted: 0.6986 | LR: 2.15e-04 | Time: 2.6s
2025-06-19 19:29:06 - INFO - Epoch 068/99 | Train Loss: 0.0116 | Train Acc: 0.9871 | Val Loss: 1.4117 | mcc: 0.1639 | Brier: 0.2415 | Bal Acc: 0.5759 | f1_macro: 0.5804 | f1_weighted: 0.7405 | LR: 2.18e-04 | Time: 2.8s
2025-06-19 19:29:09 - INFO - Epoch 069/99 | Train Loss: 0.0066 | Train Acc: 0.9887 | Val Loss: 1.3289 | mcc: 0.2041 | Brier: 0.2132 | Bal Acc: 0.5893 | f1_macro: 0.5977 | f1_weighted: 0.7563 | LR: 2.21e-04 | Time: 2.8s
2025-06-19 19:29:11 - INFO - Epoch 070/99 | Train Loss: 0.0135 | Train Acc: 0.9887 | Val Loss: 1.3409 | mcc: 0.2041 | Brier: 0.2209 | Bal Acc: 0.5893 | f1_macro: 0.5977 | f1_weighted: 0.7563 | LR: 2.24e-04 | Time: 2.6s
2025-06-19 19:29:14 - INFO - Epoch 071/99 | Train Loss: 0.0086 | Train Acc: 0.9838 | Val Loss: 1.2071 | mcc: 0.2887 | Brier: 0.1931 | Bal Acc: 0.6116 | f1_macro: 0.6291 | f1_weighted: 0.7833 | LR: 2.27e-04 | Time: 2.6s
2025-06-19 19:29:17 - INFO - Epoch 072/99 | Train Loss: 0.0014 | Train Acc: 0.9935 | Val Loss: 1.2873 | mcc: 0.1516 | Brier: 0.2372 | Bal Acc: 0.5714 | f1_macro: 0.5749 | f1_weighted: 0.7352 | LR: 2.30e-04 | Time: 2.7s
2025-06-19 19:29:19 - INFO - Epoch 073/99 | Train Loss: 0.0033 | Train Acc: 0.9887 | Val Loss: 1.4041 | mcc: 0.1629 | Brier: 0.2410 | Bal Acc: 0.5804 | f1_macro: 0.5814 | f1_weighted: 0.7339 | LR: 2.33e-04 | Time: 2.6s
2025-06-19 19:29:22 - INFO - Epoch 074/99 | Train Loss: 0.0080 | Train Acc: 0.9806 | Val Loss: 1.4128 | mcc: 0.1410 | Brier: 0.2590 | Bal Acc: 0.5714 | f1_macro: 0.5705 | f1_weighted: 0.7232 | LR: 2.36e-04 | Time: 2.6s
2025-06-19 19:29:25 - INFO - Epoch 075/99 | Train Loss: 0.0101 | Train Acc: 0.9919 | Val Loss: 1.3085 | mcc: 0.1900 | Brier: 0.2193 | Bal Acc: 0.5848 | f1_macro: 0.5918 | f1_weighted: 0.7510 | LR: 2.39e-04 | Time: 2.6s
2025-06-19 19:29:27 - INFO - Epoch 076/99 | Train Loss: 0.0089 | Train Acc: 0.9838 | Val Loss: 1.2934 | mcc: 0.2041 | Brier: 0.2198 | Bal Acc: 0.5893 | f1_macro: 0.5977 | f1_weighted: 0.7563 | LR: 2.42e-04 | Time: 2.6s
2025-06-19 19:29:30 - INFO - Epoch 077/99 | Train Loss: 0.0170 | Train Acc: 0.9822 | Val Loss: 1.2126 | mcc: 0.1659 | Brier: 0.1948 | Bal Acc: 0.5580 | f1_macro: 0.5625 | f1_weighted: 0.7500 | LR: 2.45e-04 | Time: 2.6s
2025-06-19 19:29:32 - INFO - Epoch 078/99 | Train Loss: 0.0063 | Train Acc: 0.9903 | Val Loss: 1.2157 | mcc: 0.1732 | Brier: 0.2092 | Bal Acc: 0.5670 | f1_macro: 0.5741 | f1_weighted: 0.7512 | LR: 2.48e-04 | Time: 2.6s
2025-06-19 19:29:35 - INFO - Epoch 079/99 | Train Loss: 0.0111 | Train Acc: 0.9822 | Val Loss: 1.1724 | mcc: 0.0693 | Brier: 0.1946 | Bal Acc: 0.5223 | f1_macro: 0.5128 | f1_weighted: 0.7258 | LR: 2.51e-04 | Time: 2.6s
2025-06-19 19:29:38 - INFO - Epoch 080/99 | Train Loss: 0.0134 | Train Acc: 0.9774 | Val Loss: 1.1378 | mcc: 0.1310 | Brier: 0.2032 | Bal Acc: 0.5491 | f1_macro: 0.5518 | f1_weighted: 0.7401 | LR: 2.55e-04 | Time: 2.6s
2025-06-19 19:29:40 - INFO - Epoch 081/99 | Train Loss: 0.0128 | Train Acc: 0.9806 | Val Loss: 1.4590 | mcc: 0.1106 | Brier: 0.2710 | Bal Acc: 0.5580 | f1_macro: 0.5545 | f1_weighted: 0.7073 | LR: 2.58e-04 | Time: 2.6s
2025-06-19 19:29:43 - INFO - Epoch 082/99 | Train Loss: 0.0066 | Train Acc: 0.9871 | Val Loss: 1.3490 | mcc: 0.1518 | Brier: 0.2481 | Bal Acc: 0.5759 | f1_macro: 0.5759 | f1_weighted: 0.7286 | LR: 2.61e-04 | Time: 2.6s
2025-06-19 19:29:46 - INFO - Epoch 083/99 | Train Loss: 0.0161 | Train Acc: 0.9790 | Val Loss: 1.1789 | mcc: 0.2080 | Brier: 0.1814 | Bal Acc: 0.5670 | f1_macro: 0.5737 | f1_weighted: 0.7601 | LR: 2.65e-04 | Time: 2.6s
2025-06-19 19:29:48 - INFO - Epoch 084/99 | Train Loss: 0.0046 | Train Acc: 0.9903 | Val Loss: 1.2150 | mcc: 0.1399 | Brier: 0.2294 | Bal Acc: 0.5670 | f1_macro: 0.5694 | f1_weighted: 0.7300 | LR: 2.68e-04 | Time: 2.6s
2025-06-19 19:29:51 - INFO - Epoch 085/99 | Train Loss: 0.0111 | Train Acc: 0.9838 | Val Loss: 1.2474 | mcc: 0.2130 | Brier: 0.1857 | Bal Acc: 0.5580 | f1_macro: 0.5592 | f1_weighted: 0.7576 | LR: 2.71e-04 | Time: 2.7s
2025-06-19 19:29:54 - INFO - Epoch 086/99 | Train Loss: 0.0087 | Train Acc: 0.9887 | Val Loss: 1.2371 | mcc: 0.1741 | Brier: 0.2331 | Bal Acc: 0.5893 | f1_macro: 0.5868 | f1_weighted: 0.7320 | LR: 2.75e-04 | Time: 2.7s
2025-06-19 19:29:56 - INFO - Epoch 087/99 | Train Loss: 0.0202 | Train Acc: 0.9806 | Val Loss: 1.2488 | mcc: 0.0308 | Brier: 0.2083 | Bal Acc: 0.5089 | f1_macro: 0.4900 | f1_weighted: 0.7173 | LR: 2.78e-04 | Time: 2.7s
2025-06-19 19:29:59 - INFO - Epoch 088/99 | Train Loss: 0.0192 | Train Acc: 0.9742 | Val Loss: 1.1260 | mcc: 0.1477 | Brier: 0.1950 | Bal Acc: 0.5536 | f1_macro: 0.5571 | f1_weighted: 0.7450 | LR: 2.82e-04 | Time: 2.6s
2025-06-19 19:30:01 - INFO - Epoch 089/99 | Train Loss: 0.0062 | Train Acc: 0.9919 | Val Loss: 1.1271 | mcc: 0.1650 | Brier: 0.2463 | Bal Acc: 0.5893 | f1_macro: 0.5801 | f1_weighted: 0.7187 | LR: 2.85e-04 | Time: 2.7s
2025-06-19 19:30:04 - INFO - Epoch 090/99 | Train Loss: 0.0191 | Train Acc: 0.9774 | Val Loss: 1.0229 | mcc: 0.1421 | Brier: 0.1958 | Bal Acc: 0.5580 | f1_macro: 0.5631 | f1_weighted: 0.7410 | LR: 2.89e-04 | Time: 2.6s
2025-06-19 19:30:07 - INFO - Epoch 091/99 | Train Loss: 0.0132 | Train Acc: 0.9774 | Val Loss: 0.9673 | mcc: 0.2938 | Brier: 0.1866 | Bal Acc: 0.6384 | f1_macro: 0.6457 | f1_weighted: 0.7794 | LR: 2.93e-04 | Time: 2.7s
2025-06-19 19:30:07 - INFO - New Best Model saved with val_mcc=0.2938
2025-06-19 19:30:09 - INFO - Epoch 092/99 | Train Loss: 0.0122 | Train Acc: 0.9838 | Val Loss: 1.3551 | mcc: 0.1204 | Brier: 0.2695 | Bal Acc: 0.5625 | f1_macro: 0.5598 | f1_weighted: 0.7126 | LR: 2.96e-04 | Time: 2.6s
2025-06-19 19:30:12 - INFO - Epoch 093/99 | Train Loss: 0.0096 | Train Acc: 0.9871 | Val Loss: 1.3387 | mcc: 0.1745 | Brier: 0.2365 | Bal Acc: 0.5848 | f1_macro: 0.5870 | f1_weighted: 0.7392 | LR: 3.00e-04 | Time: 2.6s
2025-06-19 19:30:15 - INFO - Epoch 094/99 | Train Loss: 0.0096 | Train Acc: 0.9838 | Val Loss: 1.3610 | mcc: 0.0933 | Brier: 0.2521 | Bal Acc: 0.5446 | f1_macro: 0.5462 | f1_weighted: 0.7154 | LR: 3.04e-04 | Time: 2.6s
2025-06-19 19:30:17 - INFO - Epoch 095/99 | Train Loss: 0.0119 | Train Acc: 0.9822 | Val Loss: 1.3028 | mcc: 0.1042 | Brier: 0.2353 | Bal Acc: 0.5491 | f1_macro: 0.5513 | f1_weighted: 0.7205 | LR: 3.08e-04 | Time: 2.6s
2025-06-19 19:30:20 - INFO - Epoch 096/99 | Train Loss: 0.0086 | Train Acc: 0.9919 | Val Loss: 1.2490 | mcc: 0.1741 | Brier: 0.2434 | Bal Acc: 0.5893 | f1_macro: 0.5868 | f1_weighted: 0.7320 | LR: 3.12e-04 | Time: 2.7s
2025-06-19 19:30:23 - INFO - Epoch 097/99 | Train Loss: 0.0169 | Train Acc: 0.9871 | Val Loss: 1.1161 | mcc: 0.1629 | Brier: 0.2312 | Bal Acc: 0.5804 | f1_macro: 0.5814 | f1_weighted: 0.7339 | LR: 3.16e-04 | Time: 2.7s
2025-06-19 19:30:25 - INFO - Epoch 098/99 | Train Loss: 0.0098 | Train Acc: 0.9774 | Val Loss: 1.1557 | mcc: 0.2041 | Brier: 0.2188 | Bal Acc: 0.5893 | f1_macro: 0.5977 | f1_weighted: 0.7563 | LR: 3.19e-04 | Time: 2.6s
2025-06-19 19:30:28 - INFO - Epoch 099/99 | Train Loss: 0.0086 | Train Acc: 0.9919 | Val Loss: 1.1556 | mcc: 0.1421 | Brier: 0.2076 | Bal Acc: 0.5580 | f1_macro: 0.5631 | f1_weighted: 0.7410 | LR: 3.23e-04 | Time: 2.6s
2025-06-19 19:30:28 - INFO - 📥 Loaded best model from epoch 91 with metric 0.2938
2025-06-19 19:30:31 - INFO - Best threshold on val: 0.89 (bal_acc=0.665)
2025-06-19 19:30:33 - INFO - === FINAL TEST RESULTS - thr: 0.89 ===
2025-06-19 19:30:33 - INFO - accuracy            : 0.6569
2025-06-19 19:30:33 - INFO - balanced_accuracy   : 0.5488
2025-06-19 19:30:33 - INFO - roc_auc             : 0.4820
2025-06-19 19:30:33 - INFO - precision           : 0.8247
2025-06-19 19:30:33 - INFO - recall              : 0.7273
2025-06-19 19:30:33 - INFO - mcc                 : 0.0854
2025-06-19 19:30:33 - INFO - kappa               : 0.0826
2025-06-19 19:30:33 - INFO - brier               : 0.2515
2025-06-19 19:30:33 - INFO - f1                  : 0.7729
2025-06-19 19:30:33 - INFO - f1_macro            : 0.5357
2025-06-19 19:30:33 - INFO - f1_weighted         : 0.6794
2025-06-19 19:30:33 - INFO - 'conf_matrix': [[10 17]
 [30 80]]
